Introdueix el primer valor: Introdueix el segon valor: La suma és: 12
El producte és: 32
El quocient és: 2
