Llista original: (10 -3 4 0 9 -6 15 2 8)
Nombres parells: (10 4 0 -6 2 8)
Nombres positius: (10 4 9 15 2 8)
Nombres m√∫ltiples de tres: (-3 0 9 -6 15)
Nombres positius i parells: (10 4 2 8)
