Llista de números per sumar: (1 2 3 4 5)
Suma de la llista: 15
Llista de números per multiplicar: (2 3 4)
Producte de la llista: 24
