Llista original: (1 2 3 4 5)
Llista doblada: (2 4 6 8 10)
Suma de la llista doblada: 30
