Introdueix el primer nombre: Introdueix el segon nombre: El màxim comú divisor és: 2
